// Jest Snapshot v1, https://goo.gl/fbAQLP

exports[`merge downstream default message matches snapshot 1`] = `
Array [
  Object {
    "text": Object {
      "text": ":call_me_hand: *Calling release manager:* <@rm-slack-id>

:no_entry: *Automatic Merge Failed:* \`from-branch\` to \`to-branch\` :no_entry:

:hammer_and_wrench: <pipeline-link|See Pipeline for output>",
      "type": "mrkdwn",
    },
    "type": "section",
  },
  Object {
    "type": "divider",
  },
  Object {},
  Object {
    "text": Object {
      "text": "*Instructions:*\`\`\`git fetch origin
git checkout -b merge-branch-name origin/to-branch
git merge origin/from-branch
# Fix all conflicts
git add <conflicted-filenames>
git commit --no-verify
# Uncomment \\"Conflicts:\\" section
git push -u origin merge-branch-name\`\`\`
Then, raise a PR from \`merge-branch-name\` to \`to-branch\`",
      "type": "mrkdwn",
    },
    "type": "section",
  },
  Object {
    "elements": Array [
      Object {
        "text": "For more information on this process, please see <http://go.atlassian.com/af-merging-master|go/af-merging-master>",
        "type": "mrkdwn",
      },
    ],
    "type": "context",
  },
  Object {
    "type": "divider",
  },
]
`;
