// Jest Snapshot v1, https://goo.gl/fbAQLP

exports[`<JiraAdvancedSearchLink /> render matches snapshot 1`] = `
<Styled(Button)
  data-test-id="mock-data-test-id"
  href="https://some/href"
  onClick={[Function]}
  spacing="compact"
/>
`;
