// Jest Snapshot v1, https://goo.gl/fbAQLP

exports[`<FieldSelect /> renders field select basic 1`] = `"<form formprops=\\"[object Object]\\"><div class=\\"sc-htoDjs gHzkew\\"><label class=\\"sc-dnqmqq eipmfG\\" id=\\"Migration Field Select-uid1-label\\" for=\\"Migration Field Select-uid1\\">Migration Field Select Label</label><div class=\\" css-k2iatv-container\\" id=\\"Migration Field Select-uid1\\"><span aria-live=\\"polite\\" aria-atomic=\\"false\\" aria-relevant=\\"additions text\\" class=\\"css-1f43avz-a11yText-A11yText\\"></span><div class=\\" css-4avucx-control\\"><div class=\\" css-rij6sy-ValueContainer\\"><div class=\\" css-lrg2au-singleValue\\" style=\\"opacity: 1; transition: opacity 1ms;\\">Label 3</div><div class=\\"css-b8ldur-Input\\"><div class=\\"\\" style=\\"display: inline-block;\\"><input autocapitalize=\\"none\\" autocomplete=\\"off\\" autocorrect=\\"off\\" id=\\"react-select-2-input\\" spellcheck=\\"false\\" tabindex=\\"0\\" type=\\"text\\" aria-autocomplete=\\"list\\" aria-labelledby=\\"Migration Field Select-uid1-label Migration Field Select-uid1-helper Migration Field Select-uid1-valid Migration Field Select-uid1-error\\" style=\\"box-sizing: content-box; width: 2px; border: 0px; opacity: 1; outline: 0; padding: 0px;\\" value=\\"\\"><div style=\\"position: absolute; top: 0px; left: 0px; visibility: hidden; height: 0px; overflow: scroll; white-space: pre; font-family: -webkit-small-control; letter-spacing: normal; text-transform: none;\\"></div></div></div></div><div class=\\" css-xji0fq-IndicatorsContainer\\"><div class=\\" css-gg6ksl-indicatorContainer\\" aria-hidden=\\"true\\"><span role=\\"img\\" aria-label=\\"open\\" class=\\"css-l6ga7g\\"><svg width=\\"24\\" height=\\"24\\" viewBox=\\"0 0 24 24\\" role=\\"presentation\\"><path d=\\"M8.292 10.293a1.009 1.009 0 000 1.419l2.939 2.965c.218.215.5.322.779.322s.556-.107.769-.322l2.93-2.955a1.01 1.01 0 000-1.419.987.987 0 00-1.406 0l-2.298 2.317-2.307-2.327a.99.99 0 00-1.406 0z\\" fill=\\"currentColor\\" fill-rule=\\"evenodd\\"></path></svg></span></div></div></div><input name=\\"Migration Field Select\\" type=\\"hidden\\" value=\\"Value 3\\"></div></div></form>"`;

exports[`<FieldSelect /> renders field select loading 1`] = `"<form formprops=\\"[object Object]\\"><div class=\\"sc-htoDjs gHzkew\\"><label class=\\"sc-dnqmqq eipmfG\\" id=\\"Migration Field Select-uid2-label\\" for=\\"Migration Field Select-uid2\\">Migration Field Select Label</label><div class=\\"sc-cSHVUG fkvzHI\\"><span class=\\"css-1b9tqux\\"><svg height=\\"48\\" width=\\"48\\" viewBox=\\"0 0 16 16\\" xmlns=\\"http://www.w3.org/2000/svg\\" class=\\"css-1hr9ksx\\"><circle cx=\\"8\\" cy=\\"8\\" r=\\"7\\"></circle></svg></span></div></div></form>"`;
