// Jest Snapshot v1, https://goo.gl/fbAQLP

exports[`<SearchResultSectionLink /> SearchResult matches snapshot 1`] = `
<Styled(Button)
  appearance="link"
  href="http://google.com"
/>
`;
