// Jest Snapshot v1, https://goo.gl/fbAQLP

exports[`<ConfluencePreQuery /> render with results matches snapshot 1`] = `
<span
  data-test-id="search-dialog-confluence-pre-query"
>
  <SearchResultSection
    title={
      <FormattedMessage
        defaultMessage="Recently viewed"
        description=""
        id="product_search_dialog.recently_viewed_section_heading"
        values={Object {}}
      />
    }
  >
    <ProductSearchResult
      analyticContext={
        Object {
          "containerId": "UNAVAILABLE",
          "globalIndex": 0,
          "indexWithinSection": 0,
          "isCached": false,
          "sectionId": "confluence-item",
          "sectionIndex": 0,
        }
      }
      containerDetail="Hilpert Group"
      href="http://baseUrl/spaces/a430a73d-9e9b-4cce-86a5-1618965ffea6?search_id=testSearchSessionId"
      icon={
        <Page16Icon
          label="soluta non omnis vel ut"
          primaryColor="#2684FF"
        />
      }
      key="item_a430a73d-9e9b-4cce-86a5-1618965ffea6"
      screen="preQuerySearchResults"
      title="soluta non omnis vel ut"
    />
    <ProductSearchResult
      analyticContext={
        Object {
          "containerId": "UNAVAILABLE",
          "globalIndex": 1,
          "indexWithinSection": 1,
          "isCached": false,
          "sectionId": "confluence-item",
          "sectionIndex": 0,
        }
      }
      containerDetail="Haag - Balistreri"
      href="http://baseUrl/spaces/eec8184c-94bf-478c-9398-f8e79c41fa45?search_id=testSearchSessionId"
      icon={<React.Fragment />}
      key="item_eec8184c-94bf-478c-9398-f8e79c41fa45"
      screen="preQuerySearchResults"
      title="nisi.jpg"
    />
    <ProductSearchResult
      analyticContext={
        Object {
          "containerId": "UNAVAILABLE",
          "globalIndex": 2,
          "indexWithinSection": 2,
          "isCached": false,
          "sectionId": "confluence-item",
          "sectionIndex": 0,
        }
      }
      containerDetail="Ullrich - Stokes"
      href="http://baseUrl/spaces/0e05cef4-042c-4adc-ad48-06618d01ced8?search_id=testSearchSessionId"
      icon={
        <Page16Icon
          label="magni fugiat quis et voluptas"
          primaryColor="#2684FF"
        />
      }
      key="item_0e05cef4-042c-4adc-ad48-06618d01ced8"
      screen="preQuerySearchResults"
      title="magni fugiat quis et voluptas"
    />
  </SearchResultSection>
  <SearchResultSection
    title={
      <FormattedMessage
        defaultMessage="Recent spaces"
        description=""
        id="product_search_dialog.recent_spaces_section_heading"
        values={Object {}}
      />
    }
  >
    <ProductSearchResult
      analyticContext={
        Object {
          "containerId": null,
          "globalIndex": 3,
          "indexWithinSection": 0,
          "isCached": true,
          "sectionId": "confluence-space",
          "sectionIndex": 1,
        }
      }
      href="http://baseUrl/spaces/BUCKINGHAMSHIRE?search_id=testSearchSessionId"
      icon={
        <ResultAvatar
          appearance="square"
          borderColor="transparent"
          size="xsmall"
          src="http://lorempixel.com/640/480/cats"
        />
      }
      key="spaces_space-BUCKINGHAMSHIRE"
      screen="preQuerySearchResults"
      title="McLaughlin, Schowalter and Weissnat"
    />
    <ProductSearchResult
      analyticContext={
        Object {
          "containerId": null,
          "globalIndex": 4,
          "indexWithinSection": 1,
          "isCached": true,
          "sectionId": "confluence-space",
          "sectionIndex": 1,
        }
      }
      href="http://baseUrl/spaces/REDUNDANT?search_id=testSearchSessionId"
      icon={
        <ResultAvatar
          appearance="square"
          borderColor="transparent"
          size="xsmall"
          src="http://lorempixel.com/640/480/cats"
        />
      }
      key="spaces_space-REDUNDANT"
      screen="preQuerySearchResults"
      title="Hintz, O'Conner and Johns"
    />
    <ProductSearchResult
      analyticContext={
        Object {
          "containerId": null,
          "globalIndex": 5,
          "indexWithinSection": 2,
          "isCached": true,
          "sectionId": "confluence-space",
          "sectionIndex": 1,
        }
      }
      href="http://baseUrl/spaces/BUCKINGHAMSHIRE?search_id=testSearchSessionId"
      icon={
        <ResultAvatar
          appearance="square"
          borderColor="transparent"
          size="xsmall"
          src="http://lorempixel.com/640/480/cats"
        />
      }
      key="spaces_space-BUCKINGHAMSHIRE"
      screen="preQuerySearchResults"
      title="Mayer, Cole and Konopelski"
    />
  </SearchResultSection>
  <SearchResultSection
    title={
      <FormattedMessage
        defaultMessage="Recently worked with"
        description=""
        id="product_search_dialog.recently_worked_with_section_heading"
        values={Object {}}
      />
    }
  >
    <ProductSearchResult
      analyticContext={
        Object {
          "containerId": null,
          "globalIndex": 6,
          "indexWithinSection": 0,
          "isCached": true,
          "sectionId": "confluence-people",
          "sectionIndex": 2,
        }
      }
      containerDetail="@nickname-w9fiy"
      href="/people/928a0316-860c-406e-a101-ad5580c9854a?search_id=testSearchSessionId"
      icon={
        <ResultAvatar
          appearance="circle"
          borderColor="transparent"
          size="xsmall"
          src="http://lorempixel.com/640/480/people"
        />
      }
      key="people_people-928a0316-860c-406e-a101-ad5580c9854a"
      screen="preQuerySearchResults"
      title="Maude Wyman"
    />
    <ProductSearchResult
      analyticContext={
        Object {
          "containerId": null,
          "globalIndex": 7,
          "indexWithinSection": 1,
          "isCached": true,
          "sectionId": "confluence-people",
          "sectionIndex": 2,
        }
      }
      containerDetail="@nickname-wr8jn"
      href="/people/9796f716-2932-4252-9eb1-9c9de4c75c82?search_id=testSearchSessionId"
      icon={
        <ResultAvatar
          appearance="circle"
          borderColor="transparent"
          size="xsmall"
          src="http://lorempixel.com/640/480/people"
        />
      }
      key="people_people-9796f716-2932-4252-9eb1-9c9de4c75c82"
      screen="preQuerySearchResults"
      title="Jaquelin Schaden MD"
    />
    <ProductSearchResult
      analyticContext={
        Object {
          "containerId": null,
          "globalIndex": 8,
          "indexWithinSection": 2,
          "isCached": true,
          "sectionId": "confluence-people",
          "sectionIndex": 2,
        }
      }
      containerDetail="@nickname-83nid"
      href="/people/e5515743-7ce2-4045-a910-6485b4a3dfc8?search_id=testSearchSessionId"
      icon={
        <ResultAvatar
          appearance="circle"
          borderColor="transparent"
          size="xsmall"
          src="http://lorempixel.com/640/480/people"
        />
      }
      key="people_people-e5515743-7ce2-4045-a910-6485b4a3dfc8"
      screen="preQuerySearchResults"
      title="Chesley Bode"
    />
    <ConfluenceSearchResultSectionLink
      href="/wiki/people"
      id="people-search-link"
    >
      <span
        onClick={[Function]}
        role="none"
      >
        <FormattedMessage
          defaultMessage="Search people"
          description=""
          id="product_search_dialog.search_people_link"
          values={Object {}}
        />
      </span>
    </ConfluenceSearchResultSectionLink>
  </SearchResultSection>
  <WithAnalyticsEvents(WrappedComponent)
    isLoading={false}
    isPreQuery={true}
    resultCount={9}
    results={
      Array [
        Object {
          "results": Array [
            Object {
              "containerId": "UNAVAILABLE",
              "isRecentResult": false,
              "resultContentId": "a430a73d-9e9b-4cce-86a5-1618965ffea6",
              "resultType": "confluence-page",
            },
            Object {
              "containerId": "UNAVAILABLE",
              "isRecentResult": false,
              "resultContentId": "eec8184c-94bf-478c-9398-f8e79c41fa45",
              "resultType": "confluence-attachment",
            },
            Object {
              "containerId": "UNAVAILABLE",
              "isRecentResult": false,
              "resultContentId": "0e05cef4-042c-4adc-ad48-06618d01ced8",
              "resultType": "confluence-page",
            },
          ],
          "sectionId": "confluence-item",
        },
        Object {
          "results": Array [
            Object {
              "containerId": "UNAVAILABLE",
              "isRecentResult": true,
              "resultContentId": "space-BUCKINGHAMSHIRE",
              "resultType": "confluence-space",
            },
            Object {
              "containerId": "UNAVAILABLE",
              "isRecentResult": true,
              "resultContentId": "space-REDUNDANT",
              "resultType": "confluence-space",
            },
            Object {
              "containerId": "UNAVAILABLE",
              "isRecentResult": true,
              "resultContentId": "space-BUCKINGHAMSHIRE",
              "resultType": "confluence-space",
            },
          ],
          "sectionId": "confluence-space",
        },
        Object {
          "results": Array [
            Object {
              "containerId": "UNAVAILABLE",
              "isRecentResult": true,
              "resultContentId": "people-928a0316-860c-406e-a101-ad5580c9854a",
              "resultType": "person",
            },
            Object {
              "containerId": "UNAVAILABLE",
              "isRecentResult": true,
              "resultContentId": "people-9796f716-2932-4252-9eb1-9c9de4c75c82",
              "resultType": "person",
            },
            Object {
              "containerId": "UNAVAILABLE",
              "isRecentResult": true,
              "resultContentId": "people-e5515743-7ce2-4045-a910-6485b4a3dfc8",
              "resultType": "person",
            },
          ],
          "sectionId": "confluence-people",
        },
      ]
    }
    sectionCount={3}
  />
</span>
`;
