// Jest Snapshot v1, https://goo.gl/fbAQLP

exports[`GeneratedConfigCode YAML generation all possible fields 1`] = `
"1name: TestName
2id: 'ari:cloud:compass:4958bb5d-3970-4a13-bebc-62bbca57f370:component/5ce8c075-7b72-4455-9be9-7f0a1c6e6db4/a60d9b0f-fa86-436c-b3c2-0eece8e94fdb'
3description: description goes here
4ownerId: someownerid
5fields: null
6links:
7  - name: Link 1
8    type: DASHBOARD
9    url: 'http://www.atlassian.net'
10  - name: Link 2
11    type: DOCUMENT
12    url: 'http://www.atlassian.net/wiki'
13relationships:
14  DEPENDS_ON:
15    - abc123
16
17# Learn more about formatting compass.yml:
18# https://go.atlassian.com/compass-config-as-code"
`;

exports[`GeneratedConfigCode YAML generation component with tier 1`] = `
"1name: TestName
2id: 'ari:cloud:compass:d7192f2f-11f8-4c7c-950c-af5ad04b12f8:component/79fc4a02-929a-43e6-93f5-3d4d9d54e942/0e8db7aa-4624-4f09-b51c-03b251b859bc'
3description: null
4ownerId: null
5fields:
6  tier: 4
7links: null
8relationships: {}
9
10# Learn more about formatting compass.yml:
11# https://go.atlassian.com/compass-config-as-code"
`;

exports[`GeneratedConfigCode YAML generation only required fields 1`] = `
"1name: TestName
2id: 'ari:cloud:compass:4958bb5d-3970-4a13-bebc-62bbca57f370:component/5ce8c075-7b72-4455-9be9-7f0a1c6e6db4/a60d9b0f-fa86-436c-b3c2-0eece8e94fdb'
3description: null
4ownerId: null
5fields: null
6links: null
7relationships: {}
8
9# Learn more about formatting compass.yml:
10# https://go.atlassian.com/compass-config-as-code"
`;
