// Jest Snapshot v1, https://goo.gl/fbAQLP

exports[`<SearchError/> on rendering should render as expected. 1`] = `
<EmptyState
  Image={[Function]}
  content={
    <I18nTemplatedLink
      href=""
      i18nTemplateString="It might just be a hiccup. The best thing to do is to <a>try again.</a>"
      linkComponent={[Function]}
    />
  }
  title="We're having trouble searching"
/>
`;
