// Jest Snapshot v1, https://goo.gl/fbAQLP

exports[`<SiteFilter /> should pass through the sites which matches the entered query in Show More & excludes already visible option 1`] = `Array []`;
