// Jest Snapshot v1, https://goo.gl/fbAQLP

exports[`<LoadingSpinner /> render matches snapshot 1`] = `
<styled.div>
  <styled.div>
    <Memo([object Object]) />
  </styled.div>
</styled.div>
`;
