// Jest Snapshot v1, https://goo.gl/fbAQLP

exports[`BackButton Should match snapshot 1`] = `
.emotion-3 {
  position: absolute;
  right: 8px;
  top: 12px;
}

.emotion-2,
.emotion-2:hover,
.emotion-2:active,
.emotion-2:focus,
.emotion-2:visited,
.emotion-2:disabled,
.emotion-2[disabled] {
  -webkit-align-items: baseline;
  -webkit-box-align: baseline;
  -ms-flex-align: baseline;
  align-items: baseline;
  border-width: 0;
  border-radius: 3px;
  box-sizing: border-box;
  display: -webkit-inline-box;
  display: -webkit-inline-flex;
  display: -ms-inline-flexbox;
  display: inline-flex;
  font-size: inherit;
  font-style: normal;
  font-family: inherit;
  font-weight: 500;
  max-width: 100%;
  position: relative;
  text-align: center;
  -webkit-text-decoration: none;
  text-decoration: none;
  -webkit-transition: background 0.1s ease-out,box-shadow 0.15s cubic-bezier(0.47,0.03,0.49,1.38);
  transition: background 0.1s ease-out,box-shadow 0.15s cubic-bezier(0.47,0.03,0.49,1.38);
  white-space: nowrap;
  background: none;
  color: var(--text-highEmphasis,#42526E) !important;
  cursor: pointer;
  height: 2.2857142857142856em;
  line-height: 2.2857142857142856em;
  padding: 0 2px;
  vertical-align: middle;
  width: auto;
  -webkit-box-pack: center;
  -webkit-justify-content: center;
  -ms-flex-pack: center;
  justify-content: center;
  outline: none;
}

.emotion-2::-moz-focus-inner,
.emotion-2:hover::-moz-focus-inner,
.emotion-2:active::-moz-focus-inner,
.emotion-2:focus::-moz-focus-inner,
.emotion-2:visited::-moz-focus-inner,
.emotion-2:disabled::-moz-focus-inner,
.emotion-2[disabled]::-moz-focus-inner {
  border: 0;
  margin: 0;
  padding: 0;
}

.emotion-1 {
  -webkit-transition: opacity 0.3s;
  transition: opacity 0.3s;
  opacity: 1;
  -webkit-align-self: center;
  -ms-flex-item-align: center;
  align-self: center;
  display: -webkit-box;
  display: -webkit-flex;
  display: -ms-flexbox;
  display: flex;
  -webkit-box-flex: 0;
  -webkit-flex-grow: 0;
  -ms-flex-positive: 0;
  flex-grow: 0;
  -webkit-flex-shrink: 0;
  -ms-flex-negative: 0;
  flex-shrink: 0;
  line-height: 0;
  font-size: 0;
  -webkit-user-select: none;
  -moz-user-select: none;
  -ms-user-select: none;
  user-select: none;
  margin: 0 2px;
}

.emotion-0 {
  display: inline-block;
  -webkit-flex-shrink: 0;
  -ms-flex-negative: 0;
  flex-shrink: 0;
  line-height: 1;
  width: 24px;
  height: 24px;
}

.emotion-0 > svg {
  overflow: hidden;
  pointer-events: none;
  max-width: 100%;
  max-height: 100%;
  color: var(--icon-primary-color);
  fill: var(--icon-secondary-color);
  vertical-align: bottom;
}

.emotion-0 > svg stop {
  stop-color: currentColor;
}

@media screen and (forced-colors:active) {
  .emotion-0 > svg {
    -webkit-filter: grayscale(1);
    filter: grayscale(1);
    --icon-primary-color: CanvasText;
    --icon-secondary-color: Canvas;
  }
}

.emotion-0 > svg {
  width: 24px;
  height: 24px;
}

<div
  class="emotion-3"
>
  <div
    role="presentation"
  >
    <button
      class="emotion-2"
      tabindex="0"
      type="button"
    >
      <span
        class="emotion-1"
      >
        <span
          aria-label="Close"
          class="emotion-0"
          role="img"
          style="--icon-primary-color: currentColor; --icon-secondary-color: var(--background-default, #FFFFFF);"
        >
          <svg
            height="24"
            role="presentation"
            viewBox="0 0 24 24"
            width="24"
          >
            <path
              d="M15.185 7.4l-3.184 3.185-3.186-3.186a.507.507 0 00-.712.003l-.7.701a.496.496 0 00-.004.712l3.185 3.184L7.4 15.185a.507.507 0 00.004.712l.7.7c.206.207.516.2.712.004l3.186-3.185 3.184 3.185a.507.507 0 00.712-.004l.701-.7a.496.496 0 00.003-.712l-3.186-3.186 3.186-3.184a.507.507 0 00-.003-.712l-.7-.7a.508.508 0 00-.36-.153.5.5 0 00-.353.15z"
              fill="currentColor"
              fill-rule="evenodd"
            />
          </svg>
        </span>
      </span>
    </button>
  </div>
</div>
`;
