// Jest Snapshot v1, https://goo.gl/fbAQLP

exports[`<SearchDialogContent /> should match the snapshot 1`] = `
<Fragment>
  <SearchDialogWithContext
    debounceTime={0}
    isAnyResultsLoading={false}
    isExpanded={true}
    jiraFeatures={
      Object {
        "hasSoftwareAccess": false,
      }
    }
    onNavigate={[Function]}
    onRequestComplete={[Function]}
    onRetry={[Function]}
    query="query"
    queryVersion={0}
    setAdditionalAnalyticsContext={[Function]}
    setNoResultsForPreQuery={[Function]}
  />
  <WarmUpFiltersCache />
</Fragment>
`;
