// Jest Snapshot v1, https://goo.gl/fbAQLP

exports[`<NoPreQueryResults /> render should match snapshot 1`] = `
<Styled(div)>
  <AsyncComponent />
  <Styled(div)>
    Search for what you need
  </Styled(div)>
  <Styled(div) />
</Styled(div)>
`;

exports[`<NoResults /> render should match snapshot 1`] = `
.c0 {
  padding: 100px;
}

<div
  className="c0"
>
  <EmptyState
    Image={[Function]}
    content={
      <span
        onClick={[Function]}
        role="none"
      >
        <I18nTemplatedLink
          href="advanced/search/url"
          i18nTemplateString="Try again with a different term."
          linkComponent={[Function]}
        />
      </span>
    }
    title="We couldn't find anything matching your search."
  />
</div>
`;

exports[`<NoResults /> with filters render should match snapshot 1`] = `
.c0 {
  padding: 100px;
}

<div
  className="c0"
>
  <EmptyState
    Image={[Function]}
    content={
      <React.Fragment>
        <FormattedMessage
          defaultMessage="Looks like you have some filters applied"
          description="Message to show when there are no search results due to filters being applied"
          id="product_search_dialog.confluence.filters_applied"
          tagName="div"
          values={Object {}}
        />
        <styled.div>
          <Memo(Button)
            appearance="primary"
            onClick={[MockFunction]}
          >
            <FormattedMessage
              defaultMessage="Clear filters"
              description="Message to be displayed on button to clear the filters applied"
              id="product_search_dialog.confluence.clear_filters"
              values={Object {}}
            />
          </Memo(Button)>
        </styled.div>
      </React.Fragment>
    }
    title="We couldn't find anything matching your search."
  />
</div>
`;
